(3.1)

1)

aram@Lenovo-G50-45 ~ $ /sbin/ifconfig
enp3s0    Link encap:Ethernet  HWaddr 68:f7:28:17:a6:40  
          UP BROADCAST MULTICAST  MTU:1500  Metric:1
          RX packets:0 errors:0 dropped:0 overruns:0 frame:0
          TX packets:0 errors:0 dropped:0 overruns:0 carrier:0
          collisions:0 txqueuelen:1000 
          RX bytes:0 (0.0 B)  TX bytes:0 (0.0 B)

lo        Link encap:Local Loopback  
          inet addr:127.0.0.1  Mask:255.0.0.0
          inet6 addr: ::1/128 Scope:Host
          UP LOOPBACK RUNNING  MTU:65536  Metric:1
          RX packets:5397 errors:0 dropped:0 overruns:0 frame:0
          TX packets:5397 errors:0 dropped:0 overruns:0 carrier:0
          collisions:0 txqueuelen:1 
          RX bytes:514186 (514.1 KB)  TX bytes:514186 (514.1 KB)

wlp2s0    Link encap:Ethernet  HWaddr c0:38:96:3c:eb:3f  
          inet addr:192.168.168.97  Bcast:192.168.168.255  Mask:255.255.255.0
          inet6 addr: fe80::8406:b2bf:c60f:faa0/64 Scope:Link
          UP BROADCAST RUNNING MULTICAST  MTU:1500  Metric:1
          RX packets:42860 errors:0 dropped:0 overruns:0 frame:0
          TX packets:27903 errors:0 dropped:0 overruns:0 carrier:0
          collisions:0 txqueuelen:1000 
          RX bytes:37560125 (37.5 MB)  TX bytes:3240425 (3.2 MB)
          
          
          sto wlp2s0 ... mac: c0:38:96:3c:eb:3f ip: 192.168.168.97
------------------------------------------------------------------------------------------------------
2)

netstat -rn
Kernel IP routing table
Destination     Gateway         Genmask         Flags   MSS Window  irtt Iface
0.0.0.0         192.168.168.1   0.0.0.0         UG        0 0          0 wlp2s0
10.7.4.1        192.168.168.1   255.255.255.255 UGH       0 0          0 wlp2s0
169.254.0.0     0.0.0.0         255.255.0.0     U         0 0          0 wlp2s0
192.168.168.0   0.0.0.0         255.255.255.0   U         0 0          0 wlp2s0
------------------------------------------------------------------------------------------------------
3)

aram@Lenovo-G50-45 ~ $ /usr/sbin/arp
Address                  HWtype  HWaddress           Flags Mask            Iface
192.168.168.2            ether   f0:24:75:f3:5f:bb   C                     wlp2s0
192.168.168.1            ether   00:0c:29:84:89:85   C                     wlp2s0
192.168.168.3                    (incomplete)                              wlp2s0
192.168.168.92                   (incomplete)                              wlp2s0
192.168.168.96           ether   00:e0:81:5f:5c:6a   C                     wlp2s0
aram@Lenovo-G50-45 ~ $ 
aram@Lenovo-G50-45 ~ $ 
aram@Lenovo-G50-45 ~ $ /usr/sbin/arp
Address                  HWtype  HWaddress           Flags Mask            Iface
192.168.168.4                    (incomplete)                              wlp2s0
192.168.168.2            ether   f0:24:75:f3:5f:bb   C                     wlp2s0
192.168.1.1              ether   bc:f6:85:57:ad:54   C                     wlp2s0
192.168.168.1            ether   00:0c:29:84:89:85   C                     wlp2s0
192.168.168.3                    (incomplete)                              wlp2s0
192.168.168.92                   (incomplete)                              wlp2s0
192.168.168.96           ether   00:e0:81:5f:5c:6a   C                     wlp2s0

nai to arp table mporei na alaksei kai den einai statiko afou afto pou kanei 
einai na antistixei ta ip address me to mac apo to lan ... an mpone kenouriei
 ipologistes sto lan afto tha megalosi

------------------------------------------------------------------------------------------------------







(3.2)

1)
Να κάνω ping στην διεύθινση του και να δώ αν έρθει ή όχι η απόκριση απο αυτό.
------------------------------------------------------------------------------------------------------

2)

aram@Lenovo-G50-45 ~ $ ping -s 100 google.gr
PING google.gr (83.212.7.85) 100(128) bytes of data.
108 bytes from 83.212.7.85: icmp_seq=1 ttl=59 time=15.7 ms
108 bytes from 83.212.7.85: icmp_seq=2 ttl=59 time=16.1 ms
108 bytes from 83.212.7.85: icmp_seq=3 ttl=59 time=19.3 ms
108 bytes from 83.212.7.85: icmp_seq=4 ttl=59 time=16.8 ms
108 bytes from 83.212.7.85: icmp_seq=5 ttl=59 time=16.2 ms
108 bytes from 83.212.7.85: icmp_seq=6 ttl=59 time=15.9 ms
108 bytes from 83.212.7.85: icmp_seq=7 ttl=59 time=16.1 ms
108 bytes from 83.212.7.85: icmp_seq=8 ttl=59 time=15.9 ms
108 bytes from 83.212.7.85: icmp_seq=10 ttl=59 time=15.9 ms
108 bytes from 83.212.7.85: icmp_seq=11 ttl=59 time=15.7 ms
108 bytes from 83.212.7.85: icmp_seq=12 ttl=59 time=16.1 ms
108 bytes from 83.212.7.85: icmp_seq=13 ttl=59 time=17.0 ms
108 bytes from 83.212.7.85: icmp_seq=14 ttl=59 time=15.7 ms
108 bytes from 83.212.7.85: icmp_seq=15 ttl=59 time=16.1 ms
^C
--- google.gr ping statistics ---
15 packets transmitted, 14 received, 6% packet loss, time 14019ms
rtt min/avg/max/mdev = 15.727/16.377/19.388/0.925 ms



Example: Change the default packet size from 56 to 100.
Ping Packet Size

In the above example, when we set the packet size to 100,
 it displays ‘128 bytes’ in the output. This is because 
 of the Ping packet header size, which is 28 bytes. So, 
 if you specify the packet size as 100, 28 bytes for
  header will be added to it and 128 bytes will be sent.

Ping Bytes Sent = Ping Packet Size + Ping Header Packet Size (28 bytes)
------------------------------------------------------------------------------------------------------
3)
aram@Lenovo-G50-45 ~ $ ping 192.168.168.255 -b
WARNING: pinging broadcast address
PING 192.168.168.255 (192.168.168.255) 56(84) bytes of data.
64 bytes from 192.168.168.165: icmp_seq=1 ttl=64 time=209 ms
64 bytes from 192.168.168.205: icmp_seq=1 ttl=64 time=210 ms (DUP!)
64 bytes from 192.168.168.165: icmp_seq=2 ttl=64 time=50.2 ms
64 bytes from 192.168.168.205: icmp_seq=2 ttl=64 time=247 ms (DUP!)
64 bytes from 192.168.168.165: icmp_seq=3 ttl=64 time=72.2 ms
64 bytes from 192.168.168.205: icmp_seq=3 ttl=64 time=198 ms (DUP!)
64 bytes from 192.168.168.205: icmp_seq=4 ttl=64 time=93.4 ms
64 bytes from 192.168.168.165: icmp_seq=4 ttl=64 time=97.0 ms (DUP!)
64 bytes from 192.168.168.205: icmp_seq=5 ttl=64 time=10.3 ms
64 bytes from 192.168.168.165: icmp_seq=5 ttl=64 time=17.5 ms (DUP!)
64 bytes from 192.168.168.165: icmp_seq=6 ttl=64 time=38.4 ms
64 bytes from 192.168.168.205: icmp_seq=6 ttl=64 time=235 ms (DUP!)
64 bytes from 192.168.168.43: icmp_seq=6 ttl=64 time=438 ms (DUP!)
64 bytes from 192.168.168.165: icmp_seq=7 ttl=64 time=62.3 ms
64 bytes from 192.168.168.43: icmp_seq=7 ttl=64 time=157 ms (DUP!)
64 bytes from 192.168.168.205: icmp_seq=7 ttl=64 time=157 ms (DUP!)
64 bytes from 192.168.168.165: icmp_seq=8 ttl=64 time=86.4 ms
64 bytes from 192.168.168.205: icmp_seq=8 ttl=64 time=86.5 ms (DUP!)
64 bytes from 192.168.168.165: icmp_seq=9 ttl=64 time=108 ms
64 bytes from 192.168.168.205: icmp_seq=9 ttl=64 time=309 ms (DUP!)
64 bytes from 192.168.168.43: icmp_seq=9 ttl=64 time=332 ms (DUP!)
64 bytes from 192.168.168.165: icmp_seq=10 ttl=64 time=29.8 ms
64 bytes from 192.168.168.205: icmp_seq=10 ttl=64 time=226 ms (DUP!)
64 bytes from 192.168.168.43: icmp_seq=10 ttl=64 time=251 ms (DUP!)
64 bytes from 192.168.168.165: icmp_seq=11 ttl=64 time=65.8 ms
64 bytes from 192.168.168.205: icmp_seq=11 ttl=64 time=151 ms (DUP!)
64 bytes from 192.168.168.205: icmp_seq=12 ttl=64 time=77.1 ms
64 bytes from 192.168.168.165: icmp_seq=12 ttl=64 time=77.2 ms (DUP!)
64 bytes from 192.168.168.165: icmp_seq=13 ttl=64 time=113 ms
64 bytes from 192.168.168.205: icmp_seq=13 ttl=64 time=301 ms (DUP!)

64 bytes from 192.168.168.165: icmp_seq=14 ttl=64 time=23.9 ms
64 bytes from 192.168.168.205: icmp_seq=14 ttl=64 time=223 ms (DUP!)
64 bytes from 192.168.168.165: icmp_seq=15 ttl=64 time=68.0 ms
64 bytes from 192.168.168.205: icmp_seq=15 ttl=64 time=266 ms (DUP!)
64 bytes from 192.168.168.205: icmp_seq=16 ttl=64 time=203 ms
64 bytes from 192.168.168.165: icmp_seq=16 ttl=64 time=213 ms (DUP!)
^C
--- 192.168.168.255 ping statistics ---
16 packets transmitted, 16 received, +20 duplicates, 0% packet loss, time 15011ms
rtt min/avg/max/mdev = 10.305/153.182/438.423/102.479 ms
------------------------------------------------------------------------------------------------------
4)

aram@Lenovo-G50-45 ~ $ traceroute www.uoa.gr
traceroute to www.uoa.gr (195.134.71.229), 30 hops max, 60 byte packets
 1  192.168.1.1 (192.168.1.1)  3.039 ms  3.370 ms  4.138 ms
 2  * * *
 3  62.38.40.77 (62.38.40.77)  35.814 ms  34.707 ms  34.356 ms
 4  gigaeth00-05-05-01.med00.ccr.hol.gr (62.38.97.73)  41.151 ms 62.38.97.177 (62.38.97.177)  40.798 ms 62.38.97.189 (62.38.97.189)  42.134 ms
 5  tengigaeth09-00-00.adr00.ssw.hol.gr (62.38.97.34)  41.745 ms  41.393 ms  47.314 ms
 6  grnet-2.gr-ix.gr (176.126.38.31)  46.104 ms  31.814 ms  34.734 ms
 7  uoa-ilisia-1.kolettir.access-link.grnet.gr (62.217.96.173)  34.415 ms  35.981 ms  38.194 ms
 8  * * *
 9  * * *
10  * * *
11  * * *
12  * * *
13  * * *
14  * * *
15  * * *
16  * * *
17  * * *
18  * * *
19  * * *
20  * * *
21  * * *
22  * * *
23  * * *
24  * * *
25  * * *
26  * * *
27  * * *
28  * * *
29  * * *
30  * * *

ο αριθμός των αλμάτων(hops) είναι 30. Ο αριθμός των αλμάτων δεν είναι υποχρεοτικά ο ίδιος γιατί η διαδρομί μπορεί για πολούς λόγους να αλάξει.
------------------------------------------------------------------------------------------------------

5)

aram@Lenovo-G50-45 ~ $ for i in {1..30}; do  ping -t $i -c 1 www.uoa.gr; done | grep "Time to live exceeded"
From 192.168.1.1 icmp_seq=1 Time to live exceeded
From 62.38.40.77 icmp_seq=1 Time to live exceeded
From gigaeth00-05-05-01.med00.ccr.hol.gr (62.38.97.73) icmp_seq=1 Time to live exceeded
From tengigaeth09-00-00.adr00.ssw.hol.gr (62.38.97.34) icmp_seq=1 Time to live exceeded
From grnet-2.gr-ix.gr (176.126.38.31) icmp_seq=1 Time to live exceeded
From uoa-ilisia-1.kolettir.access-link.grnet.gr (62.217.96.173) icmp_seq=1 Time to live exceeded

------------------------------------------------------------------------------------------------------
